time_s,wheel_index,angular_velocity_rad_s,rpm
1.000,0,-0.000,-0.004
1.000,1,-0.000,-0.004
1.000,2,-0.000,-0.004
1.000,3,-0.000,-0.004
2.017,0,-0.000,-0.001
2.017,1,-0.000,-0.001
2.017,2,-0.000,-0.001
2.017,3,-0.000,-0.001
3.017,0,-0.000,-0.000
3.017,1,-0.000,-0.000
3.017,2,-0.000,-0.000
3.017,3,-0.000,-0.000
4.017,0,-0.000,-0.000
4.017,1,-0.000,-0.000
4.017,2,-0.000,-0.000
4.017,3,-0.000,-0.000
5.017,0,-0.000,-0.000
5.017,1,-0.000,-0.000
5.017,2,-0.000,-0.000
5.017,3,-0.000,-0.000
6.017,0,-0.000,-0.000
6.017,1,-0.000,-0.000
6.017,2,-0.000,-0.000
6.017,3,-0.000,-0.000
7.017,0,-0.000,-0.000
7.017,1,-0.000,-0.000
7.017,2,-0.000,-0.000
7.017,3,-0.000,-0.000
8.017,0,-0.000,-0.000
8.017,1,-0.000,-0.000
8.017,2,-0.000,-0.000
8.017,3,-0.000,-0.000
9.000,0,-0.000,-0.000
9.000,1,-0.000,-0.000
9.000,2,-0.000,-0.000
9.000,3,-0.000,-0.000
10.000,0,-0.000,-0.000
10.000,1,-0.000,-0.000
10.000,2,-0.000,-0.000
10.000,3,-0.000,-0.000
11.000,0,-0.000,-0.000
11.000,1,-0.000,-0.000
11.000,2,-0.000,-0.000
11.000,3,-0.000,-0.000
12.000,0,-0.000,-0.000
12.000,1,-0.000,-0.000
12.000,2,-0.000,-0.000
12.000,3,-0.000,-0.000
13.000,0,-0.000,-0.000
13.000,1,-0.000,-0.000
13.000,2,-0.000,-0.000
13.000,3,-0.000,-0.000
14.000,0,-0.000,-0.000
14.000,1,-0.000,-0.000
14.000,2,-0.000,-0.000
14.000,3,-0.000,-0.000
15.000,0,0.281,2.679
15.000,1,0.281,2.679
15.000,2,0.349,3.328
15.000,3,0.349,3.328
16.000,0,3.508,33.497
16.000,1,3.508,33.497
16.000,2,3.620,34.572
16.000,3,3.620,34.572
17.000,0,8.652,82.625
17.000,1,8.652,82.625
17.000,2,8.991,85.861
17.000,3,8.991,85.861
18.000,0,11.917,113.800
18.000,1,11.917,113.800
18.000,2,12.157,116.087
18.000,3,12.157,116.087
19.000,0,12.688,121.165
19.000,1,12.086,115.417
19.000,2,14.098,134.626
19.000,3,14.240,135.979
20.000,0,11.284,107.756
20.000,1,11.365,108.532
20.000,2,11.372,108.599
20.000,3,11.283,107.740
21.000,0,8.165,77.968
21.000,1,8.179,78.102
21.000,2,8.478,80.959
21.000,3,8.486,81.036
22.000,0,5.654,53.988
22.000,1,5.408,51.640
22.000,2,5.859,55.949
22.000,3,5.911,56.446
23.017,0,3.516,33.573
23.017,1,3.361,32.092
23.017,2,3.529,33.700
23.017,3,3.494,33.364
24.017,0,1.994,19.040
24.017,1,1.835,17.519
24.017,2,1.855,17.718
24.017,3,1.865,17.805
25.017,0,-0.111,-1.061
25.017,1,-0.132,-1.258
25.017,2,-0.123,-1.177
25.017,3,-0.125,-1.198
26.017,0,-0.124,-1.188
26.017,1,-0.124,-1.185
26.017,2,-0.134,-1.277
26.017,3,-0.139,-1.325
27.017,0,-0.032,-0.302
27.017,1,-0.023,-0.220
27.017,2,-0.017,-0.164
27.017,3,-0.018,-0.170
28.017,0,-0.007,-0.063
28.017,1,-0.004,-0.039
28.017,2,-0.003,-0.032
28.017,3,-0.006,-0.055
29.017,0,-0.002,-0.021
29.017,1,-0.001,-0.013
29.017,2,-0.001,-0.011
29.017,3,-0.002,-0.019
30.017,0,-0.001,-0.008
30.017,1,-0.001,-0.005
30.017,2,-0.000,-0.005
30.017,3,-0.001,-0.007
31.017,0,-0.000,-0.003
31.017,1,-0.000,-0.003
31.017,2,-0.000,-0.002
31.017,3,-0.000,-0.003
32.017,0,-0.000,-0.002
32.017,1,-0.000,-0.002
32.017,2,-0.000,-0.001
32.017,3,-0.000,-0.002
33.017,0,-0.000,-0.001
33.017,1,-0.000,-0.001
33.017,2,-0.000,-0.001
33.017,3,-0.000,-0.001
34.017,0,-0.000,-0.001
34.017,1,-0.000,-0.001
34.017,2,-0.000,-0.000
34.017,3,-0.000,-0.001
35.017,0,-0.000,-0.000
35.017,1,-0.000,-0.000
35.017,2,-0.000,-0.000
35.017,3,-0.000,-0.000
36.017,0,-0.000,-0.000
36.017,1,-0.000,-0.000
36.017,2,-0.000,-0.000
36.017,3,-0.000,-0.000
37.017,0,-0.000,-0.000
37.017,1,-0.000,-0.000
37.017,2,-0.000,-0.000
37.017,3,-0.000,-0.000
38.017,0,-0.000,-0.000
38.017,1,-0.000,-0.000
38.017,2,-0.000,-0.000
38.017,3,-0.000,-0.000
39.017,0,-0.000,-0.000
39.017,1,-0.000,-0.000
39.017,2,-0.000,-0.000
39.017,3,-0.000,-0.000
40.017,0,-0.000,-0.000
40.017,1,-0.000,-0.000
40.017,2,-0.000,-0.000
40.017,3,-0.000,-0.000
41.017,0,-0.000,-0.000
41.017,1,-0.000,-0.000
41.017,2,-0.000,-0.000
41.017,3,-0.000,-0.000
42.017,0,-0.000,-0.000
42.017,1,-0.000,-0.000
42.017,2,-0.000,-0.000
42.017,3,-0.000,-0.000
43.017,0,-0.000,-0.000
43.017,1,-0.000,-0.000
43.017,2,-0.000,-0.000
43.017,3,-0.000,-0.000
44.017,0,-0.000,-0.000
44.017,1,-0.000,-0.000
44.017,2,-0.000,-0.000
44.017,3,-0.000,-0.000
45.017,0,-0.000,-0.000
45.017,1,-0.000,-0.000
45.017,2,-0.000,-0.000
45.017,3,-0.000,-0.000
46.017,0,-0.000,-0.000
46.017,1,-0.000,-0.000
46.017,2,-0.000,-0.000
46.017,3,-0.000,-0.000
47.017,0,-0.000,-0.000
47.017,1,-0.000,-0.000
47.017,2,-0.000,-0.000
47.017,3,-0.000,-0.000
48.017,0,-0.000,-0.000
48.017,1,-0.000,-0.000
48.017,2,-0.000,-0.000
48.017,3,-0.000,-0.000
49.017,0,-0.000,-0.000
49.017,1,-0.000,-0.000
49.017,2,0.000,0.000
49.017,3,-0.000,-0.000
50.017,0,-0.000,-0.000
50.017,1,-0.000,-0.000
50.017,2,0.000,0.000
50.017,3,-0.000,-0.000
51.017,0,-0.000,-0.000
51.017,1,0.000,0.000
51.017,2,0.000,0.000
51.017,3,0.000,0.000
52.017,0,0.000,0.000
52.017,1,-0.000,-0.000
52.017,2,0.000,0.000
52.017,3,0.000,0.000
53.017,0,-0.000,-0.000
53.017,1,-0.000,-0.000
53.017,2,0.000,0.000
53.017,3,-0.000,-0.000
